{
  "version": "1.5.0",
  "plugins_used": [
    {
      "name": "ArtifactoryDetector"
    },
    {
      "name": "AWSKeyDetector"
    },
    {
      "name": "AzureStorageKeyDetector"
    },
    {
      "name": "Base64HighEntropyString",
      "limit": 4.5
    },
    {
      "name": "BasicAuthDetector"
    },
    {
      "name": "CloudantDetector"
    },
    {
      "name": "DiscordBotTokenDetector"
    },
    {
      "name": "GitHubTokenDetector"
    },
    {
      "name": "GitLabTokenDetector"
    },
    {
      "name": "HexHighEntropyString",
      "limit": 3.0
    },
    {
      "name": "IbmCloudIamDetector"
    },
    {
      "name": "IbmCosHmacDetector"
    },
    {
      "name": "IPPublicDetector"
    },
    {
      "name": "JwtTokenDetector"
    },
    {
      "name": "KeywordDetector",
      "keyword_exclude": ""
    },
    {
      "name": "MailchimpDetector"
    },
    {
      "name": "NpmDetector"
    },
    {
      "name": "OpenAIDetector"
    },
    {
      "name": "PrivateKeyDetector"
    },
    {
      "name": "PypiTokenDetector"
    },
    {
      "name": "SendGridDetector"
    },
    {
      "name": "SlackDetector"
    },
    {
      "name": "SoftlayerDetector"
    },
    {
      "name": "SquareOAuthDetector"
    },
    {
      "name": "StripeDetector"
    },
    {
      "name": "TelegramBotTokenDetector"
    },
    {
      "name": "TwilioKeyDetector"
    }
  ],
  "filters_used": [
    {
      "path": "detect_secrets.filters.allowlist.is_line_allowlisted"
    },
    {
      "path": "detect_secrets.filters.common.is_baseline_file",
      "filename": ".secrets.baseline"
    },
    {
      "path": "detect_secrets.filters.common.is_ignored_due_to_verification_policies",
      "min_level": 2
    },
    {
      "path": "detect_secrets.filters.heuristic.is_indirect_reference"
    },
    {
      "path": "detect_secrets.filters.heuristic.is_likely_id_string"
    },
    {
      "path": "detect_secrets.filters.heuristic.is_lock_file"
    },
    {
      "path": "detect_secrets.filters.heuristic.is_not_alphanumeric_string"
    },
    {
      "path": "detect_secrets.filters.heuristic.is_potential_uuid"
    },
    {
      "path": "detect_secrets.filters.heuristic.is_prefixed_with_dollar_sign"
    },
    {
      "path": "detect_secrets.filters.heuristic.is_sequential_string"
    },
    {
      "path": "detect_secrets.filters.heuristic.is_swagger_file"
    },
    {
      "path": "detect_secrets.filters.heuristic.is_templated_secret"
    }
  ],
  "results": {
    ".env.vps.example": [
      {
        "type": "Basic Auth Credentials",
        "filename": ".env.vps.example",
        "hashed_secret": "5baa61e4c9b93f3f0682250b6cf8331b7ee68fd8",
        "is_verified": false,
        "line_number": 40
      },
      {
        "type": "Basic Auth Credentials",
        "filename": ".env.vps.example",
        "hashed_secret": "e6eb8427693ab53fc4ea684b001a7b77090ee3d0",
        "is_verified": false,
        "line_number": 41
      }
    ],
    ".github\\workflows\\ci-cd.yml": [
      {
        "type": "Secret Keyword",
        "filename": ".github\\workflows\\ci-cd.yml",
        "hashed_secret": "b71d494da8d930401ba9b32b7cef87295f3eb6d3",
        "is_verified": false,
        "line_number": 91
      }
    ],
    ".secrets.example": [
      {
        "type": "Private Key",
        "filename": ".secrets.example",
        "hashed_secret": "27c6929aef41ae2bcadac15ca6abcaff72cda9cd",
        "is_verified": false,
        "line_number": 8
      },
      {
        "type": "Basic Auth Credentials",
        "filename": ".secrets.example",
        "hashed_secret": "5baa61e4c9b93f3f0682250b6cf8331b7ee68fd8",
        "is_verified": false,
        "line_number": 18
      }
    ],
    "apps\\backend\\.env.example": [
      {
        "type": "Basic Auth Credentials",
        "filename": "apps\\backend\\.env.example",
        "hashed_secret": "5baa61e4c9b93f3f0682250b6cf8331b7ee68fd8",
        "is_verified": false,
        "line_number": 11
      },
      {
        "type": "Basic Auth Credentials",
        "filename": "apps\\backend\\.env.example",
        "hashed_secret": "45d676e7c6ab44cf4b8fa366ef2d8fccd3e6d6e6",
        "is_verified": false,
        "line_number": 20
      }
    ],
    "apps\\backend\\alembic.ini": [
      {
        "type": "Basic Auth Credentials",
        "filename": "apps\\backend\\alembic.ini",
        "hashed_secret": "9d4e1e23bd5b727046a9e3b4b7db57bd8d6ee684",
        "is_verified": false,
        "line_number": 56
      }
    ],
    "apps\\backend\\scripts\\create_sync_history_table.sql": [
      {
        "type": "Hex High Entropy String",
        "filename": "apps\\backend\\scripts\\create_sync_history_table.sql",
        "hashed_secret": "90bd1b48e958257948487b90bee080ba5ed00caa",
        "is_verified": false,
        "line_number": 89
      }
    ],
    "apps\\backend\\src\\api\\ai\\endpoints\\services\\openai_service.py": [
      {
        "type": "Secret Keyword",
        "filename": "apps\\backend\\src\\api\\ai\\endpoints\\services\\openai_service.py",
        "hashed_secret": "26adb00e3d2ce26c9d600cf5c2a8e02304380ad2",
        "is_verified": false,
        "line_number": 16
      }
    ],
    "apps\\backend\\src\\api\\ai\\orchestrator\\providers\\examples.py": [
      {
        "type": "Secret Keyword",
        "filename": "apps\\backend\\src\\api\\ai\\orchestrator\\providers\\examples.py",
        "hashed_secret": "a8253456364f1bfc7da7ae4a1db5b45d106317a5",
        "is_verified": false,
        "line_number": 16
      }
    ],
    "apps\\backend\\src\\api\\v1\\endpoints\\user_management.py": [
      {
        "type": "Secret Keyword",
        "filename": "apps\\backend\\src\\api\\v1\\endpoints\\user_management.py",
        "hashed_secret": "72559b51f94a7a3ad058c5740cbe2f7cb0d4080b",
        "is_verified": false,
        "line_number": 43
      }
    ],
    "apps\\backend\\src\\core\\auth\\models.py": [
      {
        "type": "Base64 High Entropy String",
        "filename": "apps\\backend\\src\\core\\auth\\models.py",
        "hashed_secret": "f8c6f1ff98c5ee78c27d34a3ca68f35ad79847af",
        "is_verified": false,
        "line_number": 460
      }
    ],
    "apps\\backend\\src\\core\\feature_flags.py": [
      {
        "type": "Secret Keyword",
        "filename": "apps\\backend\\src\\core\\feature_flags.py",
        "hashed_secret": "9910efc3d9223a4d78f11c78a028451f4a619169",
        "is_verified": false,
        "line_number": 88
      }
    ],
    "apps\\backend\\src\\core\\security\\audit.py": [
      {
        "type": "Secret Keyword",
        "filename": "apps\\backend\\src\\core\\security\\audit.py",
        "hashed_secret": "94732424e16be827cd46aa294394ab3ce93b55f4",
        "is_verified": false,
        "line_number": 41
      },
      {
        "type": "Secret Keyword",
        "filename": "apps\\backend\\src\\core\\security\\audit.py",
        "hashed_secret": "beda0c3294fb7f36ae04bc48c74ddd8c5a97b7e5",
        "is_verified": false,
        "line_number": 42
      },
      {
        "type": "Secret Keyword",
        "filename": "apps\\backend\\src\\core\\security\\audit.py",
        "hashed_secret": "0440bc623701469cd19650a4a6d8c54b376449c3",
        "is_verified": false,
        "line_number": 43
      }
    ],
    "apps\\backend\\src\\db\\migrations\\ai\\versions\\56d701cf2472_initial_ai_router_schema_with_.py": [
      {
        "type": "Hex High Entropy String",
        "filename": "apps\\backend\\src\\db\\migrations\\ai\\versions\\56d701cf2472_initial_ai_router_schema_with_.py",
        "hashed_secret": "501c04092c2e877a941d85ed77c61bb8e24e62c8",
        "is_verified": false,
        "line_number": 10
      }
    ],
    "apps\\backend\\src\\db\\migrations\\ai\\versions\\cdf67096c06d_update_chat_system_with_new_models.py": [
      {
        "type": "Hex High Entropy String",
        "filename": "apps\\backend\\src\\db\\migrations\\ai\\versions\\cdf67096c06d_update_chat_system_with_new_models.py",
        "hashed_secret": "501c04092c2e877a941d85ed77c61bb8e24e62c8",
        "is_verified": false,
        "line_number": 14
      }
    ],
    "apps\\backend\\src\\db\\migrations\\alembic\\versions\\004_add_customer_review_system.py": [
      {
        "type": "Hex High Entropy String",
        "filename": "apps\\backend\\src\\db\\migrations\\alembic\\versions\\004_add_customer_review_system.py",
        "hashed_secret": "664dd1120fc3bac858206a1b4e094c08c91818cc",
        "is_verified": false,
        "line_number": 14
      }
    ],
    "apps\\backend\\src\\db\\migrations\\alembic\\versions\\005_add_users_table.py": [
      {
        "type": "Hex High Entropy String",
        "filename": "apps\\backend\\src\\db\\migrations\\alembic\\versions\\005_add_users_table.py",
        "hashed_secret": "7f5822139b5c64924dee2b9b13bfda3ae47c922c",
        "is_verified": false,
        "line_number": 14
      }
    ],
    "apps\\backend\\src\\db\\migrations\\alembic\\versions\\016_add_social_account_identity_tables.py": [
      {
        "type": "Hex High Entropy String",
        "filename": "apps\\backend\\src\\db\\migrations\\alembic\\versions\\016_add_social_account_identity_tables.py",
        "hashed_secret": "ff4de5bf9ed228c4532443f7d09db5b4291e29a7",
        "is_verified": false,
        "line_number": 23
      }
    ],
    "apps\\backend\\src\\db\\migrations\\alembic\\versions\\017_fix_foreign_key_relationships.py": [
      {
        "type": "Hex High Entropy String",
        "filename": "apps\\backend\\src\\db\\migrations\\alembic\\versions\\017_fix_foreign_key_relationships.py",
        "hashed_secret": "84fd72911f75338c519968102b65251177d6c5f1",
        "is_verified": false,
        "line_number": 17
      }
    ],
    "apps\\backend\\src\\db\\migrations\\alembic\\versions\\0e81266c9503_create_booking_reminders_table.py": [
      {
        "type": "Hex High Entropy String",
        "filename": "apps\\backend\\src\\db\\migrations\\alembic\\versions\\0e81266c9503_create_booking_reminders_table.py",
        "hashed_secret": "ff4de5bf9ed228c4532443f7d09db5b4291e29a7",
        "is_verified": false,
        "line_number": 14
      },
      {
        "type": "Hex High Entropy String",
        "filename": "apps\\backend\\src\\db\\migrations\\alembic\\versions\\0e81266c9503_create_booking_reminders_table.py",
        "hashed_secret": "8a44becae110ac0381bf547ca19cee364facc8ce",
        "is_verified": false,
        "line_number": 15
      }
    ],
    "apps\\backend\\src\\db\\migrations\\alembic\\versions\\25dc17ff6a26_add_message_log_table.py": [
      {
        "type": "Hex High Entropy String",
        "filename": "apps\\backend\\src\\db\\migrations\\alembic\\versions\\25dc17ff6a26_add_message_log_table.py",
        "hashed_secret": "6615b55f80e54065c61a200a5ae6474d40063ce8",
        "is_verified": false,
        "line_number": 14
      }
    ],
    "apps\\backend\\src\\db\\migrations\\alembic\\versions\\2a1a11964b93_phase_0_merge_all_remaining_heads.py": [
      {
        "type": "Hex High Entropy String",
        "filename": "apps\\backend\\src\\db\\migrations\\alembic\\versions\\2a1a11964b93_phase_0_merge_all_remaining_heads.py",
        "hashed_secret": "49d9ec4e00a89bda8deb9aa61f950a7786eb3153",
        "is_verified": false,
        "line_number": 14
      },
      {
        "type": "Hex High Entropy String",
        "filename": "apps\\backend\\src\\db\\migrations\\alembic\\versions\\2a1a11964b93_phase_0_merge_all_remaining_heads.py",
        "hashed_secret": "d387365e9f769edaf267c6f9d85cd3cc1eae40e8",
        "is_verified": false,
        "line_number": 14
      }
    ],
    "apps\\backend\\src\\db\\migrations\\alembic\\versions\\2c5f01a6bf8c_add_ai_conversation_memory_tables.py": [
      {
        "type": "Hex High Entropy String",
        "filename": "apps\\backend\\src\\db\\migrations\\alembic\\versions\\2c5f01a6bf8c_add_ai_conversation_memory_tables.py",
        "hashed_secret": "427520031122a9edd408429de120a670bcc81df5",
        "is_verified": false,
        "line_number": 20
      }
    ],
    "apps\\backend\\src\\db\\migrations\\alembic\\versions\\3907a0a8e118_add_error_logs_table.py": [
      {
        "type": "Hex High Entropy String",
        "filename": "apps\\backend\\src\\db\\migrations\\alembic\\versions\\3907a0a8e118_add_error_logs_table.py",
        "hashed_secret": "ef678205593788329ff416ce5c65fa04f33a05bd",
        "is_verified": false,
        "line_number": 14
      }
    ],
    "apps\\backend\\src\\db\\migrations\\alembic\\versions\\4a931353b079_add_pgvector_for_ai_semantic_search.py": [
      {
        "type": "Hex High Entropy String",
        "filename": "apps\\backend\\src\\db\\migrations\\alembic\\versions\\4a931353b079_add_pgvector_for_ai_semantic_search.py",
        "hashed_secret": "9f9fdb62d2e48c77ec3e3d5616905d27eabaffba",
        "is_verified": false,
        "line_number": 15
      }
    ],
    "apps\\backend\\src\\db\\migrations\\alembic\\versions\\50da543dcbb3_merge_social_and_communications_features.py": [
      {
        "type": "Hex High Entropy String",
        "filename": "apps\\backend\\src\\db\\migrations\\alembic\\versions\\50da543dcbb3_merge_social_and_communications_features.py",
        "hashed_secret": "84fd72911f75338c519968102b65251177d6c5f1",
        "is_verified": false,
        "line_number": 14
      }
    ],
    "apps\\backend\\src\\db\\migrations\\alembic\\versions\\526069b41523_create_ai_engagement_knowledge_.py": [
      {
        "type": "Hex High Entropy String",
        "filename": "apps\\backend\\src\\db\\migrations\\alembic\\versions\\526069b41523_create_ai_engagement_knowledge_.py",
        "hashed_secret": "2e4296177d1690a7164d3eee75c93f01b2e00777",
        "is_verified": false,
        "line_number": 26
      },
      {
        "type": "Hex High Entropy String",
        "filename": "apps\\backend\\src\\db\\migrations\\alembic\\versions\\526069b41523_create_ai_engagement_knowledge_.py",
        "hashed_secret": "2cf221536294c9f26904b34dcf3eac906fb22dae",
        "is_verified": false,
        "line_number": 27
      }
    ],
    "apps\\backend\\src\\db\\migrations\\alembic\\versions\\53bf4e839c3c_merge_terms_system_with_main.py": [
      {
        "type": "Hex High Entropy String",
        "filename": "apps\\backend\\src\\db\\migrations\\alembic\\versions\\53bf4e839c3c_merge_terms_system_with_main.py",
        "hashed_secret": "8a44becae110ac0381bf547ca19cee364facc8ce",
        "is_verified": false,
        "line_number": 14
      },
      {
        "type": "Hex High Entropy String",
        "filename": "apps\\backend\\src\\db\\migrations\\alembic\\versions\\53bf4e839c3c_merge_terms_system_with_main.py",
        "hashed_secret": "598e345d287dc3d49b71d01405b1b035f4354b8c",
        "is_verified": false,
        "line_number": 15
      }
    ],
    "apps\\backend\\src\\db\\migrations\\alembic\\versions\\55f201d7ea25_add_crm_contacts_table.py": [
      {
        "type": "Hex High Entropy String",
        "filename": "apps\\backend\\src\\db\\migrations\\alembic\\versions\\55f201d7ea25_add_crm_contacts_table.py",
        "hashed_secret": "b03c1a97445bd3a556d8edd6256d7ed307c63914",
        "is_verified": false,
        "line_number": 14
      },
      {
        "type": "Hex High Entropy String",
        "filename": "apps\\backend\\src\\db\\migrations\\alembic\\versions\\55f201d7ea25_add_crm_contacts_table.py",
        "hashed_secret": "427520031122a9edd408429de120a670bcc81df5",
        "is_verified": false,
        "line_number": 15
      }
    ],
    "apps\\backend\\src\\db\\migrations\\alembic\\versions\\573ac0543ebb_create_alert_rules_table.py": [
      {
        "type": "Hex High Entropy String",
        "filename": "apps\\backend\\src\\db\\migrations\\alembic\\versions\\573ac0543ebb_create_alert_rules_table.py",
        "hashed_secret": "36665fe499f9f8c73fd3270658a54f7e96e1e78d",
        "is_verified": false,
        "line_number": 14
      },
      {
        "type": "Hex High Entropy String",
        "filename": "apps\\backend\\src\\db\\migrations\\alembic\\versions\\573ac0543ebb_create_alert_rules_table.py",
        "hashed_secret": "d65dbfb09ad86f01d277c0984aa524f94e4f039b",
        "is_verified": false,
        "line_number": 15
      }
    ],
    "apps\\backend\\src\\db\\migrations\\alembic\\versions\\5f6cb2dfed84_add_monitoring_alert_tables.py": [
      {
        "type": "Hex High Entropy String",
        "filename": "apps\\backend\\src\\db\\migrations\\alembic\\versions\\5f6cb2dfed84_add_monitoring_alert_tables.py",
        "hashed_secret": "d65dbfb09ad86f01d277c0984aa524f94e4f039b",
        "is_verified": false,
        "line_number": 13
      },
      {
        "type": "Hex High Entropy String",
        "filename": "apps\\backend\\src\\db\\migrations\\alembic\\versions\\5f6cb2dfed84_add_monitoring_alert_tables.py",
        "hashed_secret": "3e8849a573ba94b40c47671cf771a3669b2094c5",
        "is_verified": false,
        "line_number": 14
      }
    ],
    "apps\\backend\\src\\db\\migrations\\alembic\\versions\\5f96b4ae0faf_merge_ai_tables_and_booking_system.py": [
      {
        "type": "Hex High Entropy String",
        "filename": "apps\\backend\\src\\db\\migrations\\alembic\\versions\\5f96b4ae0faf_merge_ai_tables_and_booking_system.py",
        "hashed_secret": "a3fc307a8f8164f15402653f02776afdd06200de",
        "is_verified": false,
        "line_number": 13
      },
      {
        "type": "Hex High Entropy String",
        "filename": "apps\\backend\\src\\db\\migrations\\alembic\\versions\\5f96b4ae0faf_merge_ai_tables_and_booking_system.py",
        "hashed_secret": "1a2c7f338f63b4271ee2ec0396b968ef35bb4714",
        "is_verified": false,
        "line_number": 14
      },
      {
        "type": "Hex High Entropy String",
        "filename": "apps\\backend\\src\\db\\migrations\\alembic\\versions\\5f96b4ae0faf_merge_ai_tables_and_booking_system.py",
        "hashed_secret": "2e4296177d1690a7164d3eee75c93f01b2e00777",
        "is_verified": false,
        "line_number": 14
      }
    ],
    "apps\\backend\\src\\db\\migrations\\alembic\\versions\\6391276aefcc_merge_station_rbac_with_main_chain.py": [
      {
        "type": "Hex High Entropy String",
        "filename": "apps\\backend\\src\\db\\migrations\\alembic\\versions\\6391276aefcc_merge_station_rbac_with_main_chain.py",
        "hashed_secret": "d387365e9f769edaf267c6f9d85cd3cc1eae40e8",
        "is_verified": false,
        "line_number": 13
      }
    ],
    "apps\\backend\\src\\db\\migrations\\alembic\\versions\\8ecb9a7d48f7_add_menu_items_table.py": [
      {
        "type": "Hex High Entropy String",
        "filename": "apps\\backend\\src\\db\\migrations\\alembic\\versions\\8ecb9a7d48f7_add_menu_items_table.py",
        "hashed_secret": "128d8472b13e57f64d4ab46776bfa8b70aa829b5",
        "is_verified": false,
        "line_number": 16
      },
      {
        "type": "Hex High Entropy String",
        "filename": "apps\\backend\\src\\db\\migrations\\alembic\\versions\\8ecb9a7d48f7_add_menu_items_table.py",
        "hashed_secret": "9fa9ad862aeb0e28e4def9202618dc91d72c903c",
        "is_verified": false,
        "line_number": 17
      }
    ],
    "apps\\backend\\src\\db\\migrations\\alembic\\versions\\8f571102b6b2_add_performance_indexes_for_ai_and_.py": [
      {
        "type": "Hex High Entropy String",
        "filename": "apps\\backend\\src\\db\\migrations\\alembic\\versions\\8f571102b6b2_add_performance_indexes_for_ai_and_.py",
        "hashed_secret": "5b66006132e6e955cdc9fdeb564245b32e913f30",
        "is_verified": false,
        "line_number": 13
      }
    ],
    "apps\\backend\\src\\db\\migrations\\alembic\\versions\\987eae60d297_add_ai_training_quality_index.py": [
      {
        "type": "Hex High Entropy String",
        "filename": "apps\\backend\\src\\db\\migrations\\alembic\\versions\\987eae60d297_add_ai_training_quality_index.py",
        "hashed_secret": "3e8849a573ba94b40c47671cf771a3669b2094c5",
        "is_verified": false,
        "line_number": 13
      },
      {
        "type": "Hex High Entropy String",
        "filename": "apps\\backend\\src\\db\\migrations\\alembic\\versions\\987eae60d297_add_ai_training_quality_index.py",
        "hashed_secret": "9f9fdb62d2e48c77ec3e3d5616905d27eabaffba",
        "is_verified": false,
        "line_number": 14
      }
    ],
    "apps\\backend\\src\\db\\migrations\\alembic\\versions\\9c41683cf436_merge_ai_training_and_alerts.py": [
      {
        "type": "Hex High Entropy String",
        "filename": "apps\\backend\\src\\db\\migrations\\alembic\\versions\\9c41683cf436_merge_ai_training_and_alerts.py",
        "hashed_secret": "36665fe499f9f8c73fd3270658a54f7e96e1e78d",
        "is_verified": false,
        "line_number": 15
      }
    ],
    "apps\\backend\\src\\db\\migrations\\alembic\\versions\\9fd62e8ed3b4_merge_migrations.py": [
      {
        "type": "Hex High Entropy String",
        "filename": "apps\\backend\\src\\db\\migrations\\alembic\\versions\\9fd62e8ed3b4_merge_migrations.py",
        "hashed_secret": "664dd1120fc3bac858206a1b4e094c08c91818cc",
        "is_verified": false,
        "line_number": 13
      }
    ],
    "apps\\backend\\src\\db\\migrations\\alembic\\versions\\a1b2c3d4e5f6_create_notification_groups_tables.py": [
      {
        "type": "Hex High Entropy String",
        "filename": "apps\\backend\\src\\db\\migrations\\alembic\\versions\\a1b2c3d4e5f6_create_notification_groups_tables.py",
        "hashed_secret": "ef678205593788329ff416ce5c65fa04f33a05bd",
        "is_verified": false,
        "line_number": 14
      }
    ],
    "apps\\backend\\src\\db\\migrations\\alembic\\versions\\ba857522523f_add_consent_records_table.py": [
      {
        "type": "Hex High Entropy String",
        "filename": "apps\\backend\\src\\db\\migrations\\alembic\\versions\\ba857522523f_add_consent_records_table.py",
        "hashed_secret": "128d8472b13e57f64d4ab46776bfa8b70aa829b5",
        "is_verified": false,
        "line_number": 15
      }
    ],
    "apps\\backend\\src\\db\\migrations\\alembic\\versions\\bd8856cf6aa0_create_knowledge_base_tables.py": [
      {
        "type": "Hex High Entropy String",
        "filename": "apps\\backend\\src\\db\\migrations\\alembic\\versions\\bd8856cf6aa0_create_knowledge_base_tables.py",
        "hashed_secret": "49d9ec4e00a89bda8deb9aa61f950a7786eb3153",
        "is_verified": false,
        "line_number": 23
      },
      {
        "type": "Hex High Entropy String",
        "filename": "apps\\backend\\src\\db\\migrations\\alembic\\versions\\bd8856cf6aa0_create_knowledge_base_tables.py",
        "hashed_secret": "9fa9ad862aeb0e28e4def9202618dc91d72c903c",
        "is_verified": false,
        "line_number": 24
      }
    ],
    "apps\\backend\\src\\db\\migrations\\alembic\\versions\\caf902c5e081_create_unified_conversations_and_.py": [
      {
        "type": "Hex High Entropy String",
        "filename": "apps\\backend\\src\\db\\migrations\\alembic\\versions\\caf902c5e081_create_unified_conversations_and_.py",
        "hashed_secret": "2cf221536294c9f26904b34dcf3eac906fb22dae",
        "is_verified": false,
        "line_number": 39
      },
      {
        "type": "Hex High Entropy String",
        "filename": "apps\\backend\\src\\db\\migrations\\alembic\\versions\\caf902c5e081_create_unified_conversations_and_.py",
        "hashed_secret": "1efe79315862a84090c23430f4f27ed336982218",
        "is_verified": false,
        "line_number": 40
      }
    ],
    "apps\\backend\\src\\db\\migrations\\alembic\\versions\\cfeccbfaa133_create_multi_schemas.py": [
      {
        "type": "Hex High Entropy String",
        "filename": "apps\\backend\\src\\db\\migrations\\alembic\\versions\\cfeccbfaa133_create_multi_schemas.py",
        "hashed_secret": "697522d88a9114571491cba46b2d11be4285b9ef",
        "is_verified": false,
        "line_number": 15
      }
    ],
    "apps\\backend\\src\\db\\migrations\\alembic\\versions\\e1814ce1d0e9_final_master_merge_all_12_heads.py": [
      {
        "type": "Hex High Entropy String",
        "filename": "apps\\backend\\src\\db\\migrations\\alembic\\versions\\e1814ce1d0e9_final_master_merge_all_12_heads.py",
        "hashed_secret": "6615b55f80e54065c61a200a5ae6474d40063ce8",
        "is_verified": false,
        "line_number": 14
      }
    ],
    "apps\\backend\\src\\db\\migrations\\alembic\\versions\\e636a2d56d82_add_businesses_table_for_white_label.py": [
      {
        "type": "Hex High Entropy String",
        "filename": "apps\\backend\\src\\db\\migrations\\alembic\\versions\\e636a2d56d82_add_businesses_table_for_white_label.py",
        "hashed_secret": "5b66006132e6e955cdc9fdeb564245b32e913f30",
        "is_verified": false,
        "line_number": 19
      }
    ],
    "apps\\backend\\src\\db\\migrations\\alembic\\versions\\ea9069521d16_update_indexes_and_constraints.py": [
      {
        "type": "Hex High Entropy String",
        "filename": "apps\\backend\\src\\db\\migrations\\alembic\\versions\\ea9069521d16_update_indexes_and_constraints.py",
        "hashed_secret": "7f5822139b5c64924dee2b9b13bfda3ae47c922c",
        "is_verified": false,
        "line_number": 14
      },
      {
        "type": "Hex High Entropy String",
        "filename": "apps\\backend\\src\\db\\migrations\\alembic\\versions\\ea9069521d16_update_indexes_and_constraints.py",
        "hashed_secret": "664dd1120fc3bac858206a1b4e094c08c91818cc",
        "is_verified": false,
        "line_number": 15
      }
    ],
    "apps\\backend\\src\\db\\migrations\\alembic\\versions\\f5a8b9c2d3e4_add_sms_tracking_and_delivery_events.py": [
      {
        "type": "Hex High Entropy String",
        "filename": "apps\\backend\\src\\db\\migrations\\alembic\\versions\\f5a8b9c2d3e4_add_sms_tracking_and_delivery_events.py",
        "hashed_secret": "598e345d287dc3d49b71d01405b1b035f4354b8c",
        "is_verified": false,
        "line_number": 28
      }
    ],
    "apps\\backend\\src\\db\\migrations\\alembic\\versions\\fe61eb9d1264_fix_bug13_use_date_slot_schema.py": [
      {
        "type": "Hex High Entropy String",
        "filename": "apps\\backend\\src\\db\\migrations\\alembic\\versions\\fe61eb9d1264_fix_bug13_use_date_slot_schema.py",
        "hashed_secret": "697522d88a9114571491cba46b2d11be4285b9ef",
        "is_verified": false,
        "line_number": 28
      },
      {
        "type": "Hex High Entropy String",
        "filename": "apps\\backend\\src\\db\\migrations\\alembic\\versions\\fe61eb9d1264_fix_bug13_use_date_slot_schema.py",
        "hashed_secret": "a3fc307a8f8164f15402653f02776afdd06200de",
        "is_verified": false,
        "line_number": 29
      }
    ],
    "apps\\backend\\src\\routers\\v1\\admin\\audit_logs.py": [
      {
        "type": "Secret Keyword",
        "filename": "apps\\backend\\src\\routers\\v1\\admin\\audit_logs.py",
        "hashed_secret": "176939638191d5a13935ccb90c0c8a70a5e30773",
        "is_verified": false,
        "line_number": 45
      }
    ],
    "apps\\backend\\src\\routers\\v1\\admin\\users.py": [
      {
        "type": "Secret Keyword",
        "filename": "apps\\backend\\src\\routers\\v1\\admin\\users.py",
        "hashed_secret": "463d8353f4b927fd953e5af7c41084183e8ce5fb",
        "is_verified": false,
        "line_number": 195
      }
    ],
    "apps\\backend\\tests\\endpoints\\test_admin_endpoints_comprehensive.py": [
      {
        "type": "Secret Keyword",
        "filename": "apps\\backend\\tests\\endpoints\\test_admin_endpoints_comprehensive.py",
        "hashed_secret": "407c6798fe20fd5d75de4a233c156cc0fce510e3",
        "is_verified": false,
        "line_number": 24
      },
      {
        "type": "Secret Keyword",
        "filename": "apps\\backend\\tests\\endpoints\\test_admin_endpoints_comprehensive.py",
        "hashed_secret": "e8662cfb96bd9c7fe84c31d76819ec3a92c80e63",
        "is_verified": false,
        "line_number": 39
      }
    ],
    "apps\\backend\\tests\\services\\test_payment_email_monitor.py": [
      {
        "type": "Secret Keyword",
        "filename": "apps\\backend\\tests\\services\\test_payment_email_monitor.py",
        "hashed_secret": "9fb7fe1217aed442b04c0f5e43b5d5a7d3287097",
        "is_verified": false,
        "line_number": 304
      },
      {
        "type": "Secret Keyword",
        "filename": "apps\\backend\\tests\\services\\test_payment_email_monitor.py",
        "hashed_secret": "debb21488c5be24bb605536555e45c14e091f544",
        "is_verified": false,
        "line_number": 449
      },
      {
        "type": "Secret Keyword",
        "filename": "apps\\backend\\tests\\services\\test_payment_email_monitor.py",
        "hashed_secret": "a94a8fe5ccb19ba61c4c0873d391e987982fbbd3",
        "is_verified": false,
        "line_number": 568
      }
    ],
    "apps\\backend\\tests\\unit\\test_openroute_service.py": [
      {
        "type": "Secret Keyword",
        "filename": "apps\\backend\\tests\\unit\\test_openroute_service.py",
        "hashed_secret": "a3cfc8ea0d136281b13064b466c15de4733e1287",
        "is_verified": false,
        "line_number": 91
      },
      {
        "type": "Secret Keyword",
        "filename": "apps\\backend\\tests\\unit\\test_openroute_service.py",
        "hashed_secret": "ae4c75b4eef27de1f7d01906bd0eb2c8a3afa078",
        "is_verified": false,
        "line_number": 97
      },
      {
        "type": "Secret Keyword",
        "filename": "apps\\backend\\tests\\unit\\test_openroute_service.py",
        "hashed_secret": "dc1abc7f0c453564fa2538999dde8c8513fa1006",
        "is_verified": false,
        "line_number": 107
      }
    ],
    "apps\\customer\\src\\components\\payment\\__tests__\\PaymentForm.test.tsx": [
      {
        "type": "Secret Keyword",
        "filename": "apps\\customer\\src\\components\\payment\\__tests__\\PaymentForm.test.tsx",
        "hashed_secret": "1089adfb1f11b95df31344030507912b5abdf57a",
        "is_verified": false,
        "line_number": 45
      },
      {
        "type": "Secret Keyword",
        "filename": "apps\\customer\\src\\components\\payment\\__tests__\\PaymentForm.test.tsx",
        "hashed_secret": "72cb70dbbafe97e5ea13ad88acd65d08389439b0",
        "is_verified": false,
        "line_number": 223
      }
    ],
    "docs\\05-OPERATIONS\\VPS_DOCKER_SETUP.md": [
      {
        "type": "Basic Auth Credentials",
        "filename": "docs\\05-OPERATIONS\\VPS_DOCKER_SETUP.md",
        "hashed_secret": "9d4e1e23bd5b727046a9e3b4b7db57bd8d6ee684",
        "is_verified": false,
        "line_number": 221
      }
    ],
    "e2e\\api\\admin.spec.ts": [
      {
        "type": "Secret Keyword",
        "filename": "e2e\\api\\admin.spec.ts",
        "hashed_secret": "382caa7c44ee23ee25616f7e303af33c591efc3a",
        "is_verified": false,
        "line_number": 175
      }
    ],
    "scripts\\create-gsm-secrets.template.ps1": [
      {
        "type": "Secret Keyword",
        "filename": "scripts\\create-gsm-secrets.template.ps1",
        "hashed_secret": "b3b19a96c991e79270d9e3176ebe22aba95c47ae",
        "is_verified": false,
        "line_number": 67
      }
    ],
    "scripts\\fix_staging_password.sql": [
      {
        "type": "Secret Keyword",
        "filename": "scripts\\fix_staging_password.sql",
        "hashed_secret": "0610d2d14fcb478114e727bd59d466315aaad921",
        "is_verified": false,
        "line_number": 1
      }
    ],
    "scripts\\gen_hash.py": [
      {
        "type": "Secret Keyword",
        "filename": "scripts\\gen_hash.py",
        "hashed_secret": "4630161d28b8ea6dbbf390a6325cbb9263e9f087",
        "is_verified": false,
        "line_number": 4
      }
    ],
    "scripts\\secrets-template.json": [
      {
        "type": "Secret Keyword",
        "filename": "scripts\\secrets-template.json",
        "hashed_secret": "83d64ba9044ae18b99db9fac2629b08b556158ae",
        "is_verified": false,
        "line_number": 4
      },
      {
        "type": "Secret Keyword",
        "filename": "scripts\\secrets-template.json",
        "hashed_secret": "3a598aa93a9408d129dbc611dd245af43894e535",
        "is_verified": false,
        "line_number": 5
      },
      {
        "type": "Secret Keyword",
        "filename": "scripts\\secrets-template.json",
        "hashed_secret": "fa207100f524c8f71b1ec29d0bb7d168dada43bf",
        "is_verified": false,
        "line_number": 9
      },
      {
        "type": "Basic Auth Credentials",
        "filename": "scripts\\secrets-template.json",
        "hashed_secret": "112bb791304791ddcf692e29fd5cf149b35fea37",
        "is_verified": false,
        "line_number": 11
      },
      {
        "type": "Secret Keyword",
        "filename": "scripts\\secrets-template.json",
        "hashed_secret": "a3196cbba57ea777e36e1e5dc248c2d2d9f80a22",
        "is_verified": false,
        "line_number": 14
      },
      {
        "type": "Secret Keyword",
        "filename": "scripts\\secrets-template.json",
        "hashed_secret": "d302141840eedbbf4c5d717bf4afa5f662ebb9db",
        "is_verified": false,
        "line_number": 15
      },
      {
        "type": "Secret Keyword",
        "filename": "scripts\\secrets-template.json",
        "hashed_secret": "ba82bc92c763c45dc9247e64621a6608b3d59c94",
        "is_verified": false,
        "line_number": 16
      },
      {
        "type": "Secret Keyword",
        "filename": "scripts\\secrets-template.json",
        "hashed_secret": "753eaa9bcc6f9bf952a38ac9a4a26aa73c6a5d42",
        "is_verified": false,
        "line_number": 17
      },
      {
        "type": "Base64 High Entropy String",
        "filename": "scripts\\secrets-template.json",
        "hashed_secret": "7471916421fdd669e7c36d4d3cb9603f453d2dd7",
        "is_verified": false,
        "line_number": 22
      },
      {
        "type": "Secret Keyword",
        "filename": "scripts\\secrets-template.json",
        "hashed_secret": "93a3de336137f105adfc4f00d6fe5619742d4e23",
        "is_verified": false,
        "line_number": 23
      },
      {
        "type": "Base64 High Entropy String",
        "filename": "scripts\\secrets-template.json",
        "hashed_secret": "a851fd033280605dfa35059dc95f04d01aad7eb5",
        "is_verified": false,
        "line_number": 23
      },
      {
        "type": "Base64 High Entropy String",
        "filename": "scripts\\secrets-template.json",
        "hashed_secret": "d3721dbe16023fa1c90195ca6c5a92f3b850ec3a",
        "is_verified": false,
        "line_number": 24
      },
      {
        "type": "Base64 High Entropy String",
        "filename": "scripts\\secrets-template.json",
        "hashed_secret": "da47bac5d52185af0f773a65cfdfb2e748373f57",
        "is_verified": false,
        "line_number": 25
      },
      {
        "type": "Base64 High Entropy String",
        "filename": "scripts\\secrets-template.json",
        "hashed_secret": "ee71c20417cfef60f87dacce88c2ee9febe9eb7d",
        "is_verified": false,
        "line_number": 31
      }
    ]
  },
  "generated_at": "2026-02-05T04:53:39Z"
}
